// Jest Snapshot v1, https://goo.gl/fbAQLP

exports[`runtime - record simpleError 1`] = `
[
  {
    "_t": "_",
    "action": "doInc",
    "children": [
      {
        "_t": "_",
        "action": "waitMs",
        "children": [],
        "error": undefined,
        "isSuccess": true,
        "params": [
          1000,
        ],
        "parentSeqId": 1,
        "result": undefined,
        "seqId": 2,
      },
    ],
    "error": undefined,
    "isSuccess": true,
    "params": [],
    "parentSeqId": undefined,
    "result": 1,
    "seqId": 1,
  },
]
`;

exports[`runtime - record simpleSuccess 1`] = `
[
  {
    "_t": "_",
    "action": "doInc",
    "children": [
      {
        "_t": "_",
        "action": "waitMs",
        "children": [],
        "error": undefined,
        "isSuccess": true,
        "params": [
          1000,
        ],
        "parentSeqId": 1,
        "result": undefined,
        "seqId": 2,
      },
    ],
    "error": undefined,
    "isSuccess": true,
    "params": [],
    "parentSeqId": undefined,
    "result": 1,
    "seqId": 1,
  },
]
`;
